<!DOCTYPE html>
<html dir="ltr" lang="fr-FR">
 <head>
  <meta charset="utf-8"/>
  <base href="/test/"/>
  <title>
   Catalogue complet
  </title>
  <meta content="Accès direct au catalogue de données ODATIS" name="description"/>
  <link href="http://mysite.org/typo3temp/assets/css/d42b6e1bdf.css?1592314446" media="all" rel="stylesheet" type="text/css"/>
  <script src="http://mysite.org/typo3temp/assets/vhs-assets-jquery.js?1594384554" type="text/javascript">
  </script>
 </head>
 <body>
  <a id="top">
  </a>
  <div class="headline">
   <h2>
    <a href="http://mysite.org/activites-1">
     Activités
    </a>
   </h2>
  </div>
  <a class="navbar-brand-footer" href="https://www.odatis-ocean.fr/">
   <img alt="Odatis Ocean" height="579" src="http://mysite.org/fileadmin/user_upload/Logo-Odatis_fullsize.png" width="1408"/>
  </a>
  <li>
   <a href="https://www.totemnumerique.com/" target="_blank" title="Réalisation : Totem numérique">
    Réalisation : Totem numérique
   </a>
  </li>
 </body>
</html>
